// Jest Snapshot v1, https://goo.gl/fbAQLP

exports[`FairArtists renders properly 1`] = `"<rctscrollview sections=\\"[object Object]\\" initialnumtorender=\\"10\\" maxtorenderperbatch=\\"10\\" scrolleventthrottle=\\"50\\" updatecellsbatchingperiod=\\"50\\" windowsize=\\"21\\" data=\\"[object Object]\\" stickyheaderindices=\\"1\\"><view><view><view px=\\"2\\" mb=\\"2\\" pt=\\"85\\"><text font-family=\\"AGaramondPro-Regular\\" font-size=\\"32px\\" lineheight=\\"38px\\" class=\\"sc-bwzfXH uTxCW\\" ellipsizemode=\\"tail\\">Artists</text></view></view><view><view px=\\"2\\" mb=\\"2\\"><text font-family=\\"Unica77LL-Regular\\" font-size=\\"16px\\" lineheight=\\"26px\\" class=\\"sc-bdVaJa bDWFJH\\" ellipsizemode=\\"tail\\">H</text></view></view><view><view style=\\"opacity: 1;\\"><view px=\\"2\\" mb=\\"2\\"><view justifycontent=\\"space-between\\" alignitems=\\"center\\" flexdirection=\\"row\\"><aropaqueimageview imageurl=\\"Hello World\\" aspectratio=\\"1\\"></aropaqueimageview><view m=\\"1\\"></view><view flexdirection=\\"column\\" alignitems=\\"flex-start\\"><text font-family=\\"AGaramondPro-Regular\\" font-size=\\"16px\\" lineheight=\\"20px\\" class=\\"sc-bwzfXH uTxCW\\" ellipsizemode=\\"tail\\">Hello World</text><text font-family=\\"Unica77LL-Regular\\" font-size=\\"14px\\" lineheight=\\"20px\\" class=\\"sc-bdVaJa bDWFJH\\" color=\\"black60\\" ellipsizemode=\\"tail\\">Hello World, Hello World-Hello World</text></view><view m=\\"1\\"></view><view width=\\"102\\" height=\\"34\\"><view style=\\"justify-content: center; align-items: center; border-radius: 2px; background-color: rgb(255, 255, 255); border-width: 1px;\\"><view><text ellipsizemode=\\"tail\\">Following</text></view></view></view></view></view></view></view><view><view style=\\"opacity: 1;\\"><view px=\\"2\\" mb=\\"2\\"><view justifycontent=\\"space-between\\" alignitems=\\"center\\" flexdirection=\\"row\\"><aropaqueimageview imageurl=\\"Hello World\\" aspectratio=\\"1\\"></aropaqueimageview><view m=\\"1\\"></view><view flexdirection=\\"column\\" alignitems=\\"flex-start\\"><text font-family=\\"AGaramondPro-Regular\\" font-size=\\"16px\\" lineheight=\\"20px\\" class=\\"sc-bwzfXH uTxCW\\" ellipsizemode=\\"tail\\">Hello World</text><text font-family=\\"Unica77LL-Regular\\" font-size=\\"14px\\" lineheight=\\"20px\\" class=\\"sc-bdVaJa bDWFJH\\" color=\\"black60\\" ellipsizemode=\\"tail\\">Hello World, Hello World-Hello World</text></view><view m=\\"1\\"></view><view width=\\"102\\" height=\\"34\\"><view style=\\"justify-content: center; align-items: center; border-radius: 2px; background-color: rgb(0, 0, 0); border-width: 1px;\\"><view><text ellipsizemode=\\"tail\\">Follow</text></view></view></view></view></view></view></view><view></view><view style=\\"height: 0px;\\"></view></view></rctscrollview>"`;
