// Jest Snapshot v1, https://goo.gl/fbAQLP

exports[`FairMoreInfo renders properly 1`] = `"<view mb=\\"2\\"><rctscrollview data=\\"[object Object],[object Object]\\" listheadercomponent=\\"[object Object]\\" initialnumtorender=\\"10\\" maxtorenderperbatch=\\"10\\" scrolleventthrottle=\\"50\\" updatecellsbatchingperiod=\\"50\\" windowsize=\\"21\\" numcolumns=\\"1\\" viewabilityconfigcallbackpairs=\\"\\" stickyheaderindices=\\"\\"><view><view><text font-family=\\"AGaramondPro-Regular\\" font-size=\\"32px\\" lineheight=\\"38px\\" class=\\"sc-bwzfXH uTxCW\\" mt=\\"12\\" px=\\"2\\" ellipsizemode=\\"tail\\">About the fair</text><view py=\\"3\\" px=\\"2\\"><view width=\\"100%\\"></view></view></view><view><view px=\\"2\\"><text font-family=\\"AGaramondPro-Regular\\" font-size=\\"16px\\" lineheight=\\"24px\\" class=\\"sc-bwzfXH uTxCW\\" ellipsizemode=\\"tail\\">Art Palm Springs is the premier art fair in the Southwest presenting post-war and contemporary art. This years edition will brings galleries from Asia, Europe, North and South America representing hundreds of artists to the Palm Springs Convention Center. The Fair is strategically scheduled over the extended President’s Day Weekend coinciding with Palm Springs Modernism Week at the height of the Coachella Valley’s season. Art Palm Springs and Modernism Week turn the Desert into a cultural mecca over this weekend, attracting close to 15,000 acquisition oriented art lovers to the Fair year after year.</text></view><view py=\\"3\\" px=\\"2\\"><view width=\\"100%\\"></view></view></view><view><view px=\\"2\\"><view flexdirection=\\"row\\" align-items=\\"base-line\\"><text font-family=\\"Unica77LL-Medium\\" font-size=\\"14px\\" lineheight=\\"20px\\" class=\\"sc-bdVaJa bDWFJH\\" ellipsizemode=\\"tail\\">Buy tickets</text><view ml=\\"0.5\\"><rnsvgsvgview width=\\"16\\" height=\\"16\\" bbwidth=\\"16\\" bbheight=\\"16\\" minx=\\"0\\" miny=\\"0\\" vbwidth=\\"54\\" vbheight=\\"54\\" align=\\"xMidYMid\\" meetorslice=\\"0\\"><rnsvggroup proplist=\\"fill,fillOpacity,fillRule,stroke,strokeWidth,strokeOpacity,strokeDasharray,strokeDashoffset,strokeLinecap,strokeLinejoin,strokeMiterlimit\\" opacity=\\"1\\" matrix=\\"1,0,0,1,0,0\\" rotation=\\"0\\" scalex=\\"1\\" scaley=\\"1\\" originx=\\"0\\" originy=\\"0\\" skewx=\\"0\\" skewy=\\"0\\" x=\\"0\\" y=\\"0\\" fill=\\"0,0,0,0,1\\" fill-opacity=\\"1\\" fill-rule=\\"1\\" stroke-opacity=\\"1\\" stroke-linecap=\\"0\\" stroke-linejoin=\\"0\\" stroke-width=\\"1\\" stroke-miterlimit=\\"4\\" font=\\"[object Object]\\"><rnsvggroup proplist=\\"\\" opacity=\\"1\\" matrix=\\"1,0,0,1,0,0\\" rotation=\\"0\\" scalex=\\"1\\" scaley=\\"1\\" originx=\\"0\\" originy=\\"0\\" skewx=\\"0\\" skewy=\\"0\\" x=\\"0\\" y=\\"0\\" fill=\\"0,0,0,0,1\\" fill-opacity=\\"1\\" fill-rule=\\"1\\" stroke-opacity=\\"1\\" stroke-linecap=\\"0\\" stroke-linejoin=\\"0\\" stroke-width=\\"1\\" stroke-miterlimit=\\"4\\" font=\\"[object Object]\\"><rnsvgpath proplist=\\"fill,fillRule\\" opacity=\\"1\\" matrix=\\"1,0,0,1,0,0\\" rotation=\\"0\\" scalex=\\"1\\" scaley=\\"1\\" originx=\\"0\\" originy=\\"0\\" skewx=\\"0\\" skewy=\\"0\\" x=\\"0\\" y=\\"0\\" fill=\\"0,0.7607843137254902,0.7607843137254902,0.7607843137254902,1\\" fill-opacity=\\"1\\" fill-rule=\\"0\\" stroke-opacity=\\"1\\" stroke-linecap=\\"0\\" stroke-linejoin=\\"0\\" stroke-width=\\"1\\" stroke-miterlimit=\\"4\\" d=\\"M18.192 7.92L32.498 27 18.192 46.08a1 1 0 0 0 .2 1.4l1.6 1.2a1 1 0 0 0 1.4-.2L36.597 28.2a2 2 0 0 0 0-2.4L21.392 5.52a1 1 0 0 0-1.4-.2l-1.6 1.2a1 1 0 0 0-.2 1.4z\\"></rnsvgpath></rnsvggroup></rnsvggroup></rnsvgsvgview></view></view></view></view><view style=\\"height: 0px;\\"></view></view></rctscrollview></view>"`;
