// Jest Snapshot v1, https://goo.gl/fbAQLP

exports[`renders properly 1`] = `"<rctscrollview sections=\\"[object Object],[object Object],[object Object],[object Object],[object Object],[object Object],[object Object],[object Object],[object Object],[object Object],[object Object],[object Object],[object Object],[object Object],[object Object],[object Object],[object Object]\\" initialnumtorender=\\"10\\" maxtorenderperbatch=\\"10\\" scrolleventthrottle=\\"50\\" updatecellsbatchingperiod=\\"50\\" windowsize=\\"21\\" data=\\"[object Object],[object Object],[object Object],[object Object],[object Object],[object Object],[object Object],[object Object],[object Object],[object Object],[object Object],[object Object],[object Object],[object Object],[object Object],[object Object],[object Object]\\" stickyheaderindices=\\"1,4\\"><view><view><view px=\\"2\\" mb=\\"2\\" pt=\\"85\\"><text font-family=\\"AGaramondPro-Regular\\" font-size=\\"32px\\" lineheight=\\"38px\\" class=\\"sc-bwzfXH uTxCW\\">Exhibitors</text></view></view><view><view px=\\"2\\" mb=\\"2\\"><text font-family=\\"AGaramondPro-Regular\\" font-size=\\"18px\\" lineheight=\\"26px\\" class=\\"sc-bwzfXH uTxCW\\">3</text></view></view><view><view px=\\"2\\"><view mb=\\"2\\"><view style=\\"opacity: 1;\\"><text font-family=\\"AGaramondPro-Regular\\" font-size=\\"16px\\" lineheight=\\"24px\\" class=\\"sc-bwzfXH uTxCW\\">Hello World</text></view></view></view></view><view></view><view><view px=\\"2\\" mb=\\"2\\"><text font-family=\\"AGaramondPro-Regular\\" font-size=\\"18px\\" lineheight=\\"26px\\" class=\\"sc-bwzfXH uTxCW\\">A</text></view></view><view><view px=\\"2\\"><view mb=\\"2\\"><view style=\\"opacity: 1;\\"><text font-family=\\"AGaramondPro-Regular\\" font-size=\\"16px\\" lineheight=\\"24px\\" class=\\"sc-bwzfXH uTxCW\\">Hello World</text></view></view></view></view><view><view px=\\"2\\"><view mb=\\"2\\"><view style=\\"opacity: 1;\\"><text font-family=\\"AGaramondPro-Regular\\" font-size=\\"16px\\" lineheight=\\"24px\\" class=\\"sc-bwzfXH uTxCW\\">Hello World</text></view></view></view></view><view><view px=\\"2\\"><view mb=\\"2\\"><view style=\\"opacity: 1;\\"><text font-family=\\"AGaramondPro-Regular\\" font-size=\\"16px\\" lineheight=\\"24px\\" class=\\"sc-bwzfXH uTxCW\\">Hello World</text></view></view></view></view><view><view px=\\"2\\"><view mb=\\"2\\"><view style=\\"opacity: 1;\\"><text font-family=\\"AGaramondPro-Regular\\" font-size=\\"16px\\" lineheight=\\"24px\\" class=\\"sc-bwzfXH uTxCW\\">Hello World</text></view></view></view></view><view><view px=\\"2\\"><view mb=\\"2\\"><view style=\\"opacity: 1;\\"><text font-family=\\"AGaramondPro-Regular\\" font-size=\\"16px\\" lineheight=\\"24px\\" class=\\"sc-bwzfXH uTxCW\\">Hello World</text></view></view></view></view><view><view px=\\"2\\"><view mb=\\"2\\"><view style=\\"opacity: 1;\\"><text font-family=\\"AGaramondPro-Regular\\" font-size=\\"16px\\" lineheight=\\"24px\\" class=\\"sc-bwzfXH uTxCW\\">Hello World</text></view></view></view></view><view style=\\"height: 0px;\\"></view></view></rctscrollview>"`;
